[2026-01-11 01:27:01,455] INFO get_manga_route: Failed in 3.046s - 
[2026-01-11 01:27:23,753] INFO get_manga_route: Completed in 4.028s
[2026-01-11 01:27:31,943] INFO get_manga_route: Completed in 2.796s
[2026-01-11 01:28:03,680] INFO get_manga_route: Completed in 4.651s
[2026-01-11 01:28:12,470] INFO get_manga_route: Completed in 4.209s
[2026-01-11 01:29:08,235] INFO get_manga_route: Completed in 3.630s
[2026-01-24 23:45:13,798] INFO get_profile_titles_route: Completed in 6.832s
[2026-01-25 11:12:14,604] INFO get_profile_titles_route: Failed in 0.001s - (psycopg2.OperationalError) SSL SYSCALL error: EOF detected

[SQL: SELECT profile.id AS profile_id, profile.slug AS profile_slug, profile.name AS profile_name, profile.about AS profile_about, profile.creator_id AS profile_creator_id, profile.created_at AS profile_created_at 
FROM profile 
WHERE profile.slug = %(slug_1)s 
 LIMIT %(param_1)s]
[parameters: {'slug_1': 'ivan', 'param_1': 1}]
(Background on this error at: https://sqlalche.me/e/20/e3q8)
[2026-01-25 11:12:23,082] INFO get_profile_titles_route: Completed in 7.932s
[2026-01-25 11:12:41,036] INFO get_profile_titles_route: Completed in 5.980s
[2026-01-25 11:16:51,991] INFO get_profile_titles_route: Completed in 7.430s
[2026-01-25 11:17:00,541] INFO get_profile_titles_route: Completed in 7.717s
[2026-01-25 13:11:29,776] INFO get_profile_titles_route: Failed in 0.001s - (psycopg2.OperationalError) SSL SYSCALL error: EOF detected

[SQL: SELECT profile.id AS profile_id, profile.slug AS profile_slug, profile.name AS profile_name, profile.about AS profile_about, profile.creator_id AS profile_creator_id, profile.created_at AS profile_created_at 
FROM profile 
WHERE profile.slug = %(slug_1)s 
 LIMIT %(param_1)s]
[parameters: {'slug_1': 'ivan', 'param_1': 1}]
(Background on this error at: https://sqlalche.me/e/20/e3q8)
[2026-01-25 13:11:38,488] INFO get_profile_titles_route: Completed in 8.395s
[2026-01-25 13:11:44,369] INFO get_profile_titles_route: Completed in 5.979s
[2026-01-25 13:11:44,779] INFO get_profile_titles_route: Completed in 6.391s
[2026-01-25 13:11:50,543] INFO get_profile_titles_route: Completed in 5.859s
[2026-01-25 13:11:53,232] INFO get_profile_titles_route: Completed in 8.549s
[2026-01-25 13:13:52,362] INFO get_profile_titles_route: Completed in 7.614s
[2026-01-25 13:13:59,705] INFO get_profile_titles_route: Completed in 6.969s
[2026-01-25 13:15:00,275] INFO get_profile_titles_route: Completed in 8.690s
[2026-01-25 13:15:07,597] INFO get_profile_titles_route: Completed in 6.922s
[2026-01-25 13:15:15,385] INFO get_profile_titles_route: Completed in 7.408s
[2026-01-25 13:15:23,154] INFO get_profile_titles_route: Completed in 7.382s
[2026-01-25 13:17:11,887] INFO get_profile_titles_route: Completed in 5.877s
[2026-01-25 13:17:21,906] INFO get_profile_titles_route: Completed in 9.394s
[2026-01-25 14:00:09,288] INFO get_profile_titles_route: Completed in 8.418s
[2026-01-25 14:00:16,360] INFO get_profile_titles_route: Completed in 6.684s
[2026-01-25 14:01:14,826] INFO get_profile_titles_route: Completed in 7.699s
[2026-01-25 14:01:22,426] INFO get_profile_titles_route: Completed in 7.223s
[2026-01-25 14:04:18,936] INFO get_profile_titles_route: Completed in 9.603s
[2026-01-25 14:04:27,820] INFO get_profile_titles_route: Completed in 8.506s
[2026-01-25 14:04:34,748] INFO get_profile_titles_route: Completed in 6.545s
[2026-01-25 14:04:42,232] INFO get_profile_titles_route: Completed in 7.100s
[2026-01-25 14:04:51,769] INFO get_profile_titles_route: Completed in 9.163s
[2026-01-25 14:05:00,426] INFO get_profile_titles_route: Completed in 8.276s
[2026-01-25 14:05:09,945] INFO get_profile_titles_route: Completed in 9.146s
[2026-01-25 14:05:16,312] INFO get_profile_titles_route: Completed in 5.980s
[2026-01-25 16:45:24,326] INFO get_profile_titles_route: Completed in 6.815s
[2026-01-25 16:45:33,057] INFO get_profile_titles_route: Completed in 8.343s
[2026-01-25 16:45:42,386] INFO get_profile_titles_route: Completed in 8.931s
[2026-01-25 16:45:49,915] INFO get_profile_titles_route: Completed in 7.153s
[2026-01-25 16:45:59,225] INFO get_profile_titles_route: Completed in 8.919s
[2026-01-25 16:46:06,334] INFO get_profile_titles_route: Completed in 6.734s
[2026-01-25 16:59:00,004] INFO get_profile_titles_route: Completed in 0.689s
[2026-01-25 16:59:09,549] INFO get_profile_titles_route: Completed in 9.234s
[2026-01-26 22:11:29,045] INFO get_profile_titles_route: Completed in 0.303s
[2026-01-26 22:11:29,825] INFO get_profile_titles_route: Completed in 0.466s
[2026-01-26 22:30:46,836] INFO get_profile_titles_route: Completed in 0.597s
[2026-01-26 22:30:47,568] INFO get_profile_titles_route: Completed in 0.425s
[2026-01-26 22:31:34,940] INFO get_profile_titles_route: Completed in 0.360s
[2026-01-26 22:31:36,107] INFO get_profile_titles_route: Completed in 0.864s
[2026-01-26 22:31:37,068] INFO get_profile_titles_route: Completed in 0.658s
[2026-01-26 22:31:37,937] INFO get_profile_titles_route: Completed in 0.553s
[2026-01-26 22:40:01,730] INFO get_profile_titles_route: Completed in 0.705s
[2026-01-26 22:40:02,888] INFO get_profile_titles_route: Completed in 0.848s
[2026-01-26 22:40:18,822] INFO get_profile_titles_route: Completed in 0.396s
[2026-01-27 20:07:02,890] INFO get_profile_titles_route: Completed in 0.440s
[2026-01-27 20:07:03,635] INFO get_profile_titles_route: Completed in 0.372s
[2026-01-27 20:40:30,553] INFO get_profile_titles_route: Completed in 1.744s
[2026-01-27 20:40:31,216] INFO get_profile_titles_route: Completed in 0.372s
[2026-01-27 20:50:09,999] INFO get_manga_route: Completed in 0.139s
[2026-01-27 20:58:15,125] INFO get_profile_titles_route: Completed in 0.580s
[2026-01-27 20:58:15,844] INFO get_profile_titles_route: Completed in 0.436s
[2026-01-27 20:58:16,544] INFO get_profile_titles_route: Completed in 0.411s
[2026-01-27 20:58:17,250] INFO get_profile_titles_route: Completed in 0.424s
[2026-01-27 21:02:52,620] INFO get_profile_titles_route: Completed in 0.481s
[2026-01-27 21:02:53,319] INFO get_profile_titles_route: Completed in 0.402s
[2026-01-27 21:02:53,990] INFO get_profile_titles_route: Completed in 0.389s
[2026-01-27 21:02:54,697] INFO get_profile_titles_route: Completed in 0.408s
[2026-01-27 21:05:36,185] INFO get_profile_titles_route: Completed in 0.407s
[2026-01-27 21:05:37,087] INFO get_profile_titles_route: Completed in 0.612s
[2026-01-27 21:16:24,473] INFO get_profile_titles_route: Completed in 0.525s
[2026-01-27 21:16:25,365] INFO get_profile_titles_route: Completed in 0.609s
[2026-01-28 21:29:41,379] INFO get_profile_titles_route: Completed in 0.460s
[2026-01-28 21:29:42,149] INFO get_profile_titles_route: Completed in 0.428s
[2026-01-28 21:30:02,134] INFO get_profile_titles_route: Completed in 0.436s
[2026-01-28 21:30:02,917] INFO get_profile_titles_route: Completed in 0.473s
[2026-01-28 21:30:27,632] INFO get_profile_titles_route: Completed in 0.759s
[2026-01-28 21:30:28,394] INFO get_profile_titles_route: Completed in 0.423s
[2026-01-28 22:20:23,262] INFO get_profile_titles_route: Completed in 1.618s
[2026-01-28 22:20:25,867] INFO get_profile_titles_route: Completed in 2.111s
[2026-01-28 22:20:28,757] INFO get_profile_titles_route: Completed in 2.467s
[2026-01-28 22:20:30,986] INFO get_profile_titles_route: Completed in 1.788s
[2026-01-28 22:24:28,275] INFO get_manga_route: Completed in 0.177s
[2026-01-28 22:24:50,321] INFO get_manga_route: Completed in 0.163s
[2026-01-28 22:39:35,155] INFO get_manga_route: Completed in 0.657s
[2026-01-28 22:40:59,227] INFO get_manga_route: Completed in 0.277s
[2026-01-28 23:33:31,986] INFO get_manga_route: Completed in 0.151s
[2026-01-28 23:36:58,301] INFO get_manga_route: Completed in 0.140s
[2026-01-29 00:07:26,831] INFO get_manga_route: Completed in 0.156s
[2026-01-29 00:09:59,272] INFO get_profile_titles_route: Completed in 1.841s
[2026-01-29 00:10:01,281] INFO get_profile_titles_route: Completed in 1.602s
[2026-01-29 00:13:32,531] INFO get_manga_route: Completed in 0.169s
[2026-01-29 22:47:35,227] INFO get_profile_titles_route: Completed in 0.694s
[2026-01-29 22:47:35,981] INFO get_profile_titles_route: Completed in 0.426s
[2026-01-29 22:47:39,587] INFO get_manga_route: Completed in 0.109s
[2026-01-29 22:48:31,987] INFO get_profile_titles_route: Completed in 0.410s
[2026-01-29 22:48:32,672] INFO get_profile_titles_route: Completed in 0.394s
[2026-01-29 22:50:53,612] INFO get_manga_route: Completed in 0.148s
[2026-01-29 22:51:19,555] INFO get_manga_route: Completed in 0.122s
[2026-01-29 22:59:02,797] INFO get_manga_route: Completed in 0.142s
[2026-01-29 23:02:09,925] INFO get_manga_route: Completed in 0.129s
[2026-01-29 23:02:22,875] INFO get_manga_route: Completed in 0.128s
[2026-01-29 23:10:51,950] INFO get_manga_route: Completed in 0.192s
[2026-01-29 23:30:37,942] INFO get_manga_route: Completed in 0.134s
[2026-01-29 23:56:17,763] INFO get_manga_route: Completed in 0.136s
[2026-01-30 00:15:23,729] INFO get_manga_route: Completed in 0.216s
[2026-01-30 00:17:57,635] INFO get_manga_route: Completed in 0.162s
[2026-01-30 01:04:19,821] INFO get_manga_route: Completed in 0.155s
[2026-01-30 01:04:20,418] INFO get_manga_route: Completed in 0.130s
[2026-01-30 11:49:28,368] INFO get_manga_route: Completed in 0.585s
[2026-01-30 11:56:07,364] INFO get_manga_route: Completed in 0.185s
[2026-01-30 12:41:57,449] INFO get_manga_route: Completed in 0.153s
[2026-01-30 12:42:00,355] INFO get_manga_route: Completed in 0.142s
[2026-01-30 12:45:21,438] INFO get_manga_route: Completed in 0.169s
[2026-01-30 12:51:26,584] INFO get_manga_route: Completed in 0.579s
[2026-01-30 12:52:02,055] INFO get_manga_route: Completed in 0.139s
[2026-01-30 13:08:48,982] INFO get_manga_route: Failed in 0.021s - 
[2026-01-30 13:08:58,281] INFO get_profile_titles_route: Completed in 0.362s
[2026-01-30 13:08:59,160] INFO get_profile_titles_route: Completed in 0.584s
[2026-01-30 13:09:14,731] INFO get_manga_route: Completed in 0.113s
[2026-01-30 13:09:18,153] INFO get_manga_route: Completed in 0.137s
[2026-01-30 13:09:38,102] INFO get_manga_route: Failed in 0.021s - 
[2026-01-30 13:10:21,509] INFO get_profile_titles_route: Completed in 0.410s
[2026-01-30 13:10:22,266] INFO get_profile_titles_route: Completed in 0.424s
[2026-01-30 13:10:24,887] INFO get_manga_route: Completed in 0.582s
[2026-01-30 13:10:46,368] INFO get_manga_route: Completed in 0.149s
[2026-01-30 13:10:58,042] INFO get_manga_route: Completed in 0.126s
[2026-01-30 13:11:23,501] INFO get_profile_titles_route: Completed in 0.491s
[2026-01-30 13:11:24,271] INFO get_profile_titles_route: Completed in 0.454s
[2026-01-30 13:11:26,809] INFO get_manga_route: Completed in 0.137s
[2026-01-30 13:11:29,914] INFO get_profile_titles_route: Completed in 0.453s
[2026-01-30 13:11:30,669] INFO get_profile_titles_route: Completed in 0.429s
[2026-01-30 13:11:32,159] INFO get_manga_route: Completed in 0.347s
[2026-01-30 13:11:36,985] INFO get_profile_titles_route: Completed in 0.431s
[2026-01-30 13:11:37,754] INFO get_profile_titles_route: Completed in 0.439s
[2026-01-30 18:36:47,177] INFO get_profile_titles_route: Completed in 0.572s
[2026-01-30 18:36:48,073] INFO get_profile_titles_route: Completed in 0.544s
[2026-01-30 18:36:48,998] INFO get_profile_titles_route: Completed in 0.572s
[2026-01-30 18:36:49,899] INFO get_profile_titles_route: Completed in 0.490s
[2026-01-30 19:00:11,842] INFO get_manga_route: Completed in 0.150s
[2026-01-30 19:27:55,041] INFO get_manga_route: Completed in 0.287s
[2026-01-30 19:28:48,316] INFO get_manga_route: Completed in 0.118s
[2026-01-30 19:49:33,759] INFO get_manga_route: Completed in 0.325s
[2026-01-30 19:49:50,639] INFO get_manga_route: Completed in 0.166s
[2026-01-30 19:52:56,141] INFO get_manga_route: Completed in 0.118s
[2026-01-30 19:53:10,067] INFO get_manga_route: Completed in 0.133s
[2026-01-30 19:53:25,191] INFO get_manga_route: Completed in 0.382s
[2026-01-30 20:13:54,365] INFO get_manga_route: Completed in 0.138s
[2026-01-30 20:30:32,463] INFO get_manga_route: Completed in 0.202s
[2026-01-30 20:30:42,021] INFO get_manga_route: Completed in 0.256s
[2026-01-30 20:47:30,755] INFO get_manga_route: Completed in 0.139s
[2026-01-30 20:52:48,263] INFO get_manga_route: Completed in 0.154s
[2026-01-30 21:15:27,909] INFO get_profile_titles_route: Completed in 0.781s
[2026-01-30 21:15:28,562] INFO get_profile_titles_route: Completed in 0.344s
[2026-01-30 21:16:05,071] INFO get_manga_route: Completed in 0.316s
[2026-01-30 21:16:28,388] INFO get_profile_titles_route: Completed in 0.299s
[2026-01-30 21:16:29,277] INFO get_profile_titles_route: Completed in 0.575s
[2026-01-30 21:16:32,471] INFO get_manga_route: Completed in 0.286s
[2026-01-30 21:16:38,318] INFO get_profile_titles_route: Completed in 0.551s
[2026-01-30 21:16:38,953] INFO get_profile_titles_route: Completed in 0.336s
[2026-01-30 21:16:39,742] INFO get_manga_route: Completed in 0.085s
[2026-01-30 21:16:44,876] INFO get_profile_titles_route: Completed in 0.252s
[2026-01-30 21:16:45,404] INFO get_profile_titles_route: Completed in 0.224s
[2026-01-30 21:16:46,473] INFO get_manga_route: Completed in 0.087s
[2026-01-30 21:16:51,389] INFO get_profile_titles_route: Completed in 0.441s
[2026-01-30 21:16:52,607] INFO get_profile_titles_route: Completed in 0.900s
[2026-01-30 21:22:26,489] INFO get_manga_route: Completed in 0.137s
[2026-01-30 21:22:40,523] INFO get_profile_titles_route: Completed in 0.246s
[2026-01-30 21:22:41,028] INFO get_profile_titles_route: Completed in 0.196s
[2026-01-30 21:22:42,331] INFO get_manga_route: Completed in 0.167s
[2026-01-30 21:22:46,065] INFO get_profile_titles_route: Completed in 0.454s
[2026-01-30 21:22:46,645] INFO get_profile_titles_route: Completed in 0.283s
[2026-01-30 21:22:50,604] INFO get_manga_route: Completed in 0.128s
[2026-01-30 21:22:54,491] INFO get_manga_route: Completed in 0.124s
[2026-01-30 23:03:54,608] INFO get_profile_titles_route: Completed in 0.569s
[2026-01-30 23:03:55,467] INFO get_profile_titles_route: Completed in 0.526s
[2026-01-30 23:04:12,296] INFO get_manga_route: Completed in 0.623s
[2026-01-30 23:04:16,839] INFO get_profile_titles_route: Completed in 0.566s
[2026-01-30 23:04:17,621] INFO get_profile_titles_route: Completed in 0.430s
[2026-01-30 23:04:20,876] INFO get_manga_route: Completed in 0.320s
[2026-02-01 17:29:06,642] INFO get_profile_titles_route: Completed in 0.844s
[2026-02-01 17:29:08,116] INFO get_profile_titles_route: Completed in 0.888s
[2026-02-01 18:15:50,047] INFO get_profile_titles_route: Completed in 1.208s
[2026-02-01 18:15:51,344] INFO get_profile_titles_route: Completed in 0.952s
[2026-02-04 22:01:59,008] INFO get_profile_titles_route: Completed in 0.923s
[2026-02-04 22:02:02,970] INFO get_profile_titles_route: Completed in 3.327s
[2026-02-04 22:02:07,216] INFO get_manga_route: Completed in 1.573s
[2026-02-04 22:03:51,419] INFO get_manga_route: Completed in 1.466s
[2026-02-04 22:14:26,805] INFO get_manga_route: Completed in 1.754s
[2026-02-06 00:26:31,570] INFO get_manga_route: Completed in 0.427s
[2026-02-06 00:26:31,952] INFO get_manga_route: Completed in 0.402s
[2026-02-06 00:26:48,840] INFO get_manga_route: Completed in 0.401s
[2026-02-06 00:58:07,203] INFO get_manga_route: Completed in 0.822s
[2026-02-06 00:58:12,198] INFO get_manga_route: Completed in 0.387s
[2026-02-06 00:59:03,559] INFO get_manga_route: Completed in 0.421s
[2026-02-06 01:03:25,950] INFO get_manga_route: Completed in 0.565s
[2026-02-06 01:05:37,315] INFO get_manga_route: Completed in 0.472s
[2026-02-06 01:06:27,540] INFO get_manga_route: Completed in 0.815s
[2026-02-06 01:07:32,951] INFO get_manga_route: Completed in 0.520s
[2026-02-06 01:07:47,105] INFO get_manga_route: Completed in 0.696s
[2026-02-06 01:07:52,666] INFO get_manga_route: Completed in 0.487s
[2026-02-06 01:08:40,350] INFO get_manga_route: Completed in 0.419s
[2026-02-06 01:09:14,953] INFO get_manga_route: Completed in 0.511s
[2026-02-06 01:10:39,950] INFO get_manga_route: Completed in 0.731s
[2026-02-06 01:12:30,965] INFO get_manga_route: Completed in 0.962s
[2026-02-06 15:38:53,718] INFO get_manga_route: Completed in 0.585s
[2026-02-06 17:58:11,834] INFO get_manga_route: Completed in 0.530s
[2026-02-06 17:58:20,719] INFO get_manga_route: Completed in 0.469s
[2026-02-06 17:58:55,884] INFO get_manga_route: Completed in 0.398s
[2026-02-06 17:59:05,266] INFO get_manga_route: Completed in 0.717s
[2026-02-06 17:59:20,484] INFO get_manga_route: Completed in 0.414s
[2026-02-06 18:01:11,826] INFO get_manga_route: Completed in 0.439s
[2026-02-06 18:21:03,847] INFO get_manga_route: Completed in 0.503s
[2026-02-06 21:16:43,494] INFO get_manga_route: Completed in 0.456s
[2026-02-06 21:31:05,331] INFO get_profile_titles_route: Completed in 0.669s
[2026-02-06 21:31:32,674] INFO get_manga_route: Completed in 0.763s
[2026-02-06 22:52:56,216] INFO get_manga_route: Completed in 0.437s
[2026-02-06 22:59:49,490] INFO get_manga_route: Completed in 0.582s
[2026-02-06 23:05:12,462] INFO get_manga_route: Completed in 0.503s
[2026-02-06 23:05:23,096] INFO get_manga_route: Completed in 0.386s
[2026-02-06 23:05:31,147] INFO get_manga_route: Completed in 0.455s
[2026-02-06 23:07:48,254] INFO get_manga_route: Completed in 0.620s
[2026-02-06 23:12:09,412] INFO get_manga_route: Completed in 0.395s
[2026-02-06 23:13:36,098] INFO get_profile_titles_route: Completed in 0.781s
[2026-02-06 23:13:44,971] INFO get_profile_titles_route: Completed in 2.062s
[2026-02-06 23:13:50,761] INFO get_profile_titles_route: Completed in 1.002s
[2026-02-06 23:31:00,668] INFO get_profile_titles_route: Completed in 1.015s
[2026-02-06 23:31:01,244] INFO get_manga_route: Completed in 0.426s
[2026-02-06 23:31:16,220] INFO get_profile_titles_route: Completed in 0.693s
[2026-02-10 17:06:16,426] INFO get_profile_titles_route: Completed in 0.682s
[2026-02-10 17:06:21,053] INFO get_manga_route: Completed in 0.393s
[2026-02-10 17:10:18,971] INFO get_manga_route: Completed in 0.414s
[2026-02-12 19:41:52,122] INFO get_manga_route: Completed in 0.159s
[2026-02-12 20:11:53,446] INFO get_manga_route: Completed in 0.136s
[2026-02-13 13:13:15,769] INFO get_manga_route: Completed in 0.159s
[2026-02-13 17:31:45,989] INFO get_manga_route: Completed in 0.368s
[2026-02-13 17:32:01,535] INFO get_profile_titles_route: Completed in 0.254s
[2026-02-13 17:32:46,902] INFO get_manga_route: Completed in 0.379s
[2026-02-13 18:06:37,962] INFO get_profile_titles_route: Completed in 0.305s
[2026-02-13 18:06:39,520] INFO get_manga_route: Completed in 0.143s
[2026-02-13 18:10:42,530] INFO get_manga_route: Completed in 0.722s
[2026-02-13 19:09:50,073] INFO get_profile_titles_route: Completed in 0.222s
[2026-02-13 19:09:53,832] INFO get_manga_route: Completed in 0.278s
[2026-02-13 21:26:10,231] INFO get_manga_route: Completed in 0.192s
[2026-02-14 00:44:16,530] INFO get_manga_route: Completed in 0.142s
[2026-02-14 01:07:44,375] INFO get_profile_titles_route: Completed in 0.222s
[2026-02-14 01:07:48,930] INFO get_manga_route: Completed in 0.149s
[2026-02-14 01:11:42,909] INFO get_manga_route: Completed in 0.267s
[2026-02-14 01:18:51,868] INFO get_profile_titles_route: Completed in 0.654s
[2026-02-14 01:19:19,548] INFO get_manga_route: Completed in 0.254s
[2026-02-14 10:03:09,769] INFO get_profile_titles_route: Completed in 0.482s
[2026-02-14 10:03:12,590] INFO get_profile_titles_route: Completed in 0.325s
[2026-02-14 10:03:16,739] INFO get_manga_route: Completed in 0.191s
[2026-02-14 10:04:28,005] INFO get_manga_route: Completed in 0.860s
[2026-02-15 14:01:41,192] INFO get_profile_titles_route: Completed in 0.612s
[2026-02-15 14:01:44,305] INFO get_manga_route: Completed in 0.151s
[2026-02-15 14:09:13,165] INFO get_manga_route: Completed in 0.249s
[2026-02-15 14:16:00,816] INFO get_manga_route: Completed in 0.199s
[2026-02-15 14:24:15,200] INFO get_profile_titles_route: Completed in 0.326s
[2026-02-15 14:24:19,785] INFO get_manga_route: Completed in 0.198s
[2026-02-15 14:43:49,332] INFO get_manga_route: Completed in 0.176s
[2026-02-15 14:44:21,655] INFO get_manga_route: Completed in 0.177s
[2026-02-15 14:44:22,512] INFO get_manga_route: Completed in 0.175s
[2026-02-15 14:50:56,595] INFO get_manga_route: Completed in 0.232s
[2026-02-15 15:15:03,407] INFO get_manga_route: Completed in 0.353s
[2026-02-15 15:15:36,991] INFO get_manga_route: Completed in 0.158s
[2026-02-15 15:15:41,491] INFO get_manga_route: Completed in 0.170s
[2026-02-15 15:35:07,833] INFO get_manga_route: Completed in 0.147s
[2026-02-15 15:36:45,477] INFO get_manga_route: Completed in 0.131s
[2026-02-15 15:44:03,624] INFO get_manga_route: Completed in 0.100s
[2026-02-15 15:47:29,657] INFO get_manga_route: Completed in 0.200s
[2026-02-15 15:48:19,729] INFO get_manga_route: Completed in 0.069s
[2026-02-15 16:05:21,904] INFO get_manga_route: Completed in 0.194s
[2026-02-15 16:05:21,909] INFO get_manga_route: Completed in 0.192s
[2026-02-15 16:15:29,180] INFO get_manga_route: Completed in 0.195s
[2026-02-15 16:15:30,186] INFO get_manga_route: Completed in 0.233s
[2026-02-15 17:34:56,637] INFO get_manga_route: Completed in 0.599s
[2026-02-15 17:34:56,909] INFO get_manga_route: Completed in 0.644s
[2026-02-15 17:34:57,988] INFO get_manga_route: Completed in 0.166s
[2026-02-15 17:43:15,756] INFO get_manga_route: Completed in 0.358s
[2026-02-15 17:48:16,730] INFO get_manga_route: Completed in 0.364s
[2026-02-15 18:03:45,562] INFO get_manga_route: Completed in 0.163s
[2026-02-15 18:04:02,295] INFO get_manga_route: Completed in 0.179s
[2026-02-15 18:04:11,572] INFO get_manga_route: Completed in 0.247s
[2026-02-15 18:04:15,742] INFO get_manga_route: Completed in 0.477s
[2026-02-16 01:15:29,864] INFO get_profile_titles_route: Completed in 0.529s
[2026-02-16 01:15:33,856] INFO get_manga_route: Completed in 0.160s
[2026-02-16 18:26:00,013] INFO get_manga_route: Completed in 0.183s
[2026-02-16 18:26:02,604] INFO get_manga_route: Completed in 0.170s
[2026-02-16 18:29:34,479] INFO get_manga_route: Completed in 0.187s
[2026-02-16 18:29:40,222] INFO get_manga_route: Completed in 0.150s
[2026-02-16 18:30:40,287] INFO get_manga_route: Completed in 0.188s
[2026-02-16 18:37:05,376] INFO get_manga_route: Completed in 0.218s
[2026-02-16 18:42:11,118] INFO get_manga_route: Completed in 0.187s
[2026-02-16 18:42:11,353] INFO get_manga_route: Completed in 0.416s
[2026-02-16 18:49:24,008] INFO get_manga_route: Completed in 0.161s
[2026-02-16 18:49:27,524] INFO get_manga_route: Completed in 0.441s
[2026-02-16 18:49:32,000] INFO get_manga_route: Completed in 0.123s
[2026-02-16 18:49:44,715] INFO get_manga_route: Completed in 0.167s
[2026-02-16 18:49:53,831] INFO get_manga_route: Completed in 0.376s
[2026-02-16 18:50:03,644] INFO get_manga_route: Completed in 0.181s
[2026-02-16 18:50:32,992] INFO get_manga_route: Completed in 0.170s
[2026-02-16 18:50:42,632] INFO get_manga_route: Completed in 0.229s
[2026-02-16 18:51:03,204] INFO get_manga_route: Completed in 0.441s
[2026-02-16 18:52:08,583] INFO get_manga_route: Completed in 0.535s
[2026-02-16 18:52:29,072] INFO get_manga_route: Completed in 0.171s
[2026-02-16 18:54:17,861] INFO get_manga_route: Completed in 0.387s
[2026-02-16 18:57:32,213] INFO get_manga_route: Completed in 0.228s
[2026-02-16 18:57:46,677] INFO get_manga_route: Completed in 0.454s
[2026-02-16 18:57:52,074] INFO get_manga_route: Completed in 0.614s
[2026-02-16 19:01:23,789] INFO get_manga_route: Completed in 0.251s
[2026-02-16 21:48:16,095] INFO get_manga_route: Completed in 0.200s
[2026-02-16 21:48:17,059] INFO get_manga_route: Completed in 0.163s
[2026-02-16 21:48:18,079] INFO get_manga_route: Failed in 0.061s - 
[2026-02-16 21:48:27,039] INFO get_manga_route: Failed in 0.028s - 
[2026-02-16 21:48:31,104] INFO get_manga_route: Failed in 0.096s - 
[2026-02-16 21:48:34,909] INFO get_manga_route: Completed in 0.184s
[2026-02-16 21:48:35,859] INFO get_manga_route: Failed in 0.019s - 
[2026-02-16 21:48:36,079] INFO get_manga_route: Failed in 0.041s - 
[2026-02-16 21:48:48,715] INFO get_manga_route: Failed in 0.031s - 
[2026-02-16 21:48:53,952] INFO get_manga_route: Completed in 0.169s
[2026-02-16 21:48:54,766] INFO get_manga_route: Failed in 0.017s - 
[2026-02-16 21:49:03,803] INFO get_manga_route: Failed in 0.029s - 
[2026-02-16 21:51:10,605] INFO get_manga_route: Failed in 0.031s - 
[2026-02-16 21:52:54,926] INFO get_manga_route: Failed in 0.552s - 
[2026-02-16 21:52:54,936] INFO get_manga_route: Failed in 0.563s - 
[2026-02-16 21:53:12,252] INFO get_manga_route: Failed in 0.022s - 
[2026-02-16 21:53:12,252] INFO get_manga_route: Failed in 0.018s - 
[2026-02-16 21:54:07,574] INFO get_manga_route: Failed in 0.572s - 
[2026-02-16 21:54:07,783] INFO get_manga_route: Failed in 0.778s - 
[2026-02-16 21:54:24,067] INFO get_manga_route: Failed in 0.752s - 
[2026-02-16 21:54:24,067] INFO get_manga_route: Failed in 0.753s - 
[2026-02-16 21:55:27,255] INFO get_manga_route: Failed in 0.111s - 
[2026-02-16 21:55:27,257] INFO get_manga_route: Failed in 0.114s - 
[2026-02-16 21:56:29,327] INFO get_manga_route: Failed in 0.135s - 
[2026-02-16 21:56:29,501] INFO get_manga_route: Failed in 0.311s - 
[2026-02-16 21:57:34,011] INFO get_manga_route: Failed in 0.070s - 
[2026-02-16 21:57:34,018] INFO get_manga_route: Failed in 0.075s - 
[2026-02-16 21:58:46,734] INFO get_manga_route: Failed in 0.531s - 
[2026-02-16 21:59:35,933] INFO get_manga_route: Failed in 0.067s - 
[2026-02-16 21:59:37,241] INFO get_manga_route: Failed in 1.373s - 
[2026-02-16 22:00:10,461] INFO get_manga_route: Failed in 0.077s - 
[2026-02-16 22:00:10,462] INFO get_manga_route: Failed in 0.079s - 
[2026-02-16 22:00:29,374] INFO get_manga_route: Failed in 0.029s - 
[2026-02-16 22:00:29,432] INFO get_manga_route: Failed in 0.085s - 
[2026-02-16 22:00:38,475] INFO get_manga_route: Failed in 0.329s - 
[2026-02-16 22:00:38,480] INFO get_manga_route: Failed in 0.339s - 
[2026-02-16 22:01:24,396] INFO get_manga_route: Failed in 1.171s - 
[2026-02-16 22:01:24,405] INFO get_manga_route: Failed in 1.178s - 
[2026-02-16 22:06:46,375] INFO get_manga_route: Failed in 0.131s - 
[2026-02-16 22:32:01,528] INFO get_manga_route: Failed in 0.038s - 
[2026-02-16 22:32:01,573] INFO get_manga_route: Failed in 0.082s - 
[2026-02-16 22:32:33,319] INFO get_manga_route: Failed in 0.090s - 
[2026-02-16 22:32:33,540] INFO get_manga_route: Failed in 0.311s - 
[2026-02-16 22:33:04,563] INFO get_manga_route: Failed in 0.087s - 
[2026-02-16 22:33:04,767] INFO get_manga_route: Failed in 0.292s - 
[2026-02-16 22:34:30,690] INFO get_manga_route: Failed in 0.074s - 
[2026-02-16 22:34:30,900] INFO get_manga_route: Failed in 0.281s - 
[2026-02-16 22:35:25,709] INFO get_manga_route: Failed in 0.217s - 
[2026-02-16 22:35:25,903] INFO get_manga_route: Failed in 0.410s - 
[2026-02-16 22:35:57,801] INFO get_manga_route: Failed in 0.135s - 
[2026-02-16 22:35:57,801] INFO get_manga_route: Failed in 0.139s - 
[2026-02-16 22:47:24,046] INFO get_manga_route: Failed in 0.024s - 
[2026-02-16 22:47:55,667] INFO get_manga_route: Failed in 0.069s - 
[2026-02-16 23:06:07,097] INFO get_manga_route: Completed in 0.598s
[2026-02-16 23:06:18,766] INFO get_manga_route: Completed in 0.179s
[2026-02-16 23:06:19,705] INFO get_manga_route: Failed in 0.025s - 
[2026-02-16 23:06:20,038] INFO get_manga_route: Failed in 0.024s - 
[2026-02-16 23:10:35,540] INFO get_manga_route: Completed in 0.167s
[2026-02-16 23:10:36,768] INFO get_manga_route: Failed in 0.104s - 
[2026-02-16 23:10:36,816] INFO get_manga_route: Failed in 0.150s - 
[2026-02-16 23:18:00,659] INFO get_manga_route: Failed in 0.050s - 
[2026-02-16 23:22:19,052] INFO get_manga_route: Failed in 0.020s - 
[2026-02-16 23:22:27,427] INFO get_manga_route: Failed in 0.035s - 
[2026-02-16 23:25:14,112] INFO get_manga_route: Failed in 0.040s - 
[2026-02-16 23:25:14,112] INFO get_manga_route: Failed in 0.037s - 
[2026-02-16 23:25:14,166] INFO get_manga_route: Completed in 0.321s
[2026-02-16 23:25:14,242] INFO get_manga_route: Completed in 0.394s
[2026-02-16 23:25:38,301] INFO get_manga_route: Failed in 0.243s - 
[2026-02-16 23:27:12,217] INFO get_manga_route: Failed in 0.242s - 
[2026-02-16 23:27:14,956] INFO get_manga_route: Failed in 0.028s - 
[2026-02-16 23:28:53,640] INFO get_manga_route: Failed in 0.040s - 
[2026-02-16 23:30:44,264] INFO get_manga_route: Failed in 0.031s - 
[2026-02-16 23:30:57,747] INFO get_manga_route: Completed in 0.196s
[2026-02-16 23:30:58,780] INFO get_manga_route: Failed in 0.029s - 
[2026-02-16 23:30:59,164] INFO get_manga_route: Failed in 0.036s - 
[2026-02-16 23:31:06,247] INFO get_manga_route: Completed in 0.161s
[2026-02-16 23:31:09,921] INFO get_manga_route: Completed in 0.393s
[2026-02-16 23:31:11,777] INFO get_manga_route: Completed in 0.215s
[2026-02-16 23:31:14,544] INFO get_manga_route: Completed in 0.203s
[2026-02-16 23:52:31,439] INFO get_manga_route: Completed in 0.156s
[2026-02-16 23:52:46,709] INFO get_manga_route: Completed in 0.427s
[2026-02-17 00:05:56,688] INFO get_manga_route: Completed in 0.269s
[2026-02-17 00:23:57,616] INFO get_manga_route: Completed in 0.269s
[2026-02-17 00:23:57,617] INFO get_manga_route: Completed in 0.274s
[2026-02-17 00:26:24,010] INFO get_manga_route: Completed in 0.139s
[2026-02-17 00:28:49,528] INFO get_manga_route: Completed in 0.122s
[2026-02-17 00:34:01,661] INFO get_manga_route: Completed in 0.130s
[2026-02-17 00:35:23,612] INFO get_manga_route: Completed in 0.186s
[2026-02-17 10:48:16,081] INFO get_manga_route: Completed in 0.805s
[2026-02-17 10:48:16,147] INFO get_manga_route: Completed in 0.869s
[2026-02-17 10:48:17,073] INFO get_manga_route: Failed in 0.022s - 
[2026-02-17 10:48:17,077] INFO get_manga_route: Failed in 0.024s - 
[2026-02-17 10:48:17,478] INFO get_manga_route: Failed in 0.272s - 
[2026-02-17 10:48:18,266] INFO get_manga_route: Failed in 1.057s - 
[2026-02-17 10:48:26,681] INFO get_manga_route: Failed in 0.022s - 
[2026-02-17 10:48:26,684] INFO get_manga_route: Failed in 0.034s - 
[2026-02-17 10:48:28,246] INFO get_manga_route: Failed in 0.026s - 
[2026-02-17 10:48:28,246] INFO get_manga_route: Failed in 0.030s - 
[2026-02-17 10:49:13,407] INFO get_manga_route: Failed in 0.236s - 
[2026-02-17 10:49:13,408] INFO get_manga_route: Failed in 0.245s - 
[2026-02-17 11:11:29,666] INFO get_manga_route: Completed in 0.624s
[2026-02-17 11:11:30,948] INFO get_manga_route: Failed in 0.024s - 
[2026-02-17 11:11:31,080] INFO get_manga_route: Failed in 0.030s - 
[2026-02-17 11:11:32,386] INFO get_manga_route: Failed in 0.037s - 
[2026-02-17 11:11:38,099] INFO get_manga_route: Completed in 0.162s
[2026-02-17 11:11:39,540] INFO get_manga_route: Failed in 0.022s - 
[2026-02-17 11:11:39,834] INFO get_manga_route: Failed in 0.019s - 
[2026-02-17 12:38:10,835] INFO get_manga_route: Completed in 0.429s
[2026-02-17 12:38:11,996] INFO get_manga_route: Failed in 0.077s - 
[2026-02-17 12:38:12,188] INFO get_manga_route: Failed in 0.039s - 
[2026-02-17 12:52:26,034] INFO get_manga_route: Failed in 0.042s - 
[2026-02-17 12:52:27,800] INFO get_manga_route: Failed in 0.124s - 
[2026-02-17 12:53:38,163] INFO get_manga_route: Failed in 0.547s - 
[2026-02-17 12:59:48,092] INFO get_manga_route: Completed in 0.271s
[2026-02-17 12:59:50,326] INFO get_manga_route: Failed in 0.034s - 
[2026-02-17 13:08:07,279] INFO get_manga_route: Completed in 0.226s
[2026-02-17 13:08:09,014] INFO get_manga_route: Failed in 0.033s - 
[2026-02-17 13:13:34,801] INFO get_manga_route: Failed in 0.111s - 
[2026-02-17 13:13:35,057] INFO get_manga_route: Failed in 0.296s - 
[2026-02-17 13:13:35,154] INFO get_manga_route: Completed in 0.369s
[2026-02-17 13:13:35,303] INFO get_manga_route: Completed in 0.530s
[2026-02-17 13:13:39,205] INFO get_manga_route: Failed in 0.037s - 
[2026-02-17 13:13:39,223] INFO get_manga_route: Failed in 0.058s - 
[2026-02-17 13:16:38,837] INFO get_manga_route: Completed in 1.155s
[2026-02-17 13:17:23,902] INFO get_manga_route: Completed in 0.343s
[2026-02-17 13:17:27,002] INFO get_manga_route: Failed in 0.132s - 
[2026-02-17 13:21:46,276] INFO get_manga_route: Completed in 0.260s
[2026-02-17 14:31:54,395] INFO get_manga_route: Completed in 0.318s
[2026-02-17 14:32:07,863] INFO get_manga_route: Completed in 0.183s
[2026-02-17 14:32:08,819] INFO get_manga_route: Failed in 0.059s - 
[2026-02-17 14:39:25,355] INFO get_manga_route: Completed in 0.314s
[2026-02-17 14:39:45,332] INFO get_manga_route: Completed in 0.211s
[2026-02-17 14:39:46,129] INFO get_manga_route: Failed in 0.040s - 
[2026-02-17 14:39:46,194] INFO get_manga_route: Failed in 0.091s - 
[2026-02-17 14:40:07,639] INFO get_manga_route: Completed in 0.171s
[2026-02-17 14:40:08,531] INFO get_manga_route: Failed in 0.037s - 
[2026-02-17 14:40:08,640] INFO get_manga_route: Failed in 0.024s - 
[2026-02-17 14:40:11,501] INFO get_manga_route: Failed in 0.036s - 
[2026-02-17 14:40:22,084] INFO get_manga_route: Completed in 0.189s
[2026-02-17 15:41:38,650] INFO get_manga_route: Completed in 0.232s
[2026-02-17 15:41:38,819] INFO get_manga_route: Completed in 0.400s
[2026-02-17 15:43:18,349] INFO get_manga_route: Completed in 0.220s
[2026-02-17 15:43:42,814] INFO get_manga_route: Completed in 0.182s
[2026-02-17 15:43:49,715] INFO get_manga_route: Completed in 0.170s
[2026-02-17 15:44:48,078] INFO get_manga_route: Completed in 0.152s
[2026-02-17 15:51:08,100] INFO get_manga_route: Completed in 0.209s
[2026-02-17 15:51:09,195] INFO get_manga_route: Failed in 0.023s - 
[2026-02-17 15:51:09,201] INFO get_manga_route: Failed in 0.036s - 
[2026-02-17 15:53:12,704] INFO get_manga_route: Failed in 0.021s - 
[2026-02-17 15:53:15,178] INFO get_manga_route: Failed in 0.030s - 
[2026-02-17 15:53:22,348] INFO get_manga_route: Failed in 0.029s - 
[2026-02-17 15:54:31,081] INFO get_manga_route: Completed in 0.177s
[2026-02-17 15:54:32,068] INFO get_manga_route: Failed in 0.021s - 
[2026-02-17 15:54:32,391] INFO get_manga_route: Failed in 0.093s - 
[2026-02-17 15:54:42,602] INFO get_manga_route: Failed in 0.028s - 
[2026-02-17 15:54:43,548] INFO get_manga_route: Failed in 0.028s - 
[2026-02-17 15:54:45,700] INFO get_manga_route: Completed in 0.151s
[2026-02-17 15:55:10,982] INFO get_manga_route: Completed in 0.137s
[2026-02-17 15:58:34,356] INFO get_manga_route: Completed in 0.248s
[2026-02-17 15:58:42,805] INFO get_manga_route: Completed in 0.206s
[2026-02-17 16:01:37,396] INFO get_manga_route: Completed in 0.177s
[2026-02-17 16:17:24,357] INFO get_manga_route: Completed in 0.161s
[2026-02-17 16:18:32,717] INFO get_manga_route: Completed in 0.170s
[2026-02-17 16:30:55,394] INFO get_manga_route: Completed in 0.179s
[2026-02-17 17:19:16,845] INFO get_manga_route: Completed in 0.271s
[2026-02-17 17:31:07,276] INFO get_manga_route: Completed in 0.291s
[2026-02-17 17:31:11,995] INFO get_manga_route: Completed in 0.215s
[2026-02-17 18:06:50,364] INFO get_manga_route: Completed in 0.154s
[2026-02-17 18:07:45,139] INFO get_manga_route: Completed in 0.196s
[2026-02-17 18:07:55,307] INFO get_manga_route: Completed in 0.163s
[2026-02-17 18:09:39,395] INFO get_manga_route: Completed in 0.213s
[2026-02-17 18:10:10,709] INFO get_manga_route: Completed in 0.168s
[2026-02-17 18:10:20,264] INFO get_manga_route: Completed in 0.180s
[2026-02-17 18:10:31,966] INFO get_manga_route: Completed in 0.144s
[2026-02-17 18:11:14,566] INFO get_manga_route: Completed in 0.218s
[2026-02-17 18:11:18,097] INFO get_manga_route: Completed in 0.172s
[2026-02-17 18:21:52,430] INFO get_manga_route: Completed in 0.216s
[2026-02-17 18:25:15,098] INFO get_manga_route: Completed in 0.179s
[2026-02-17 18:25:21,750] INFO get_manga_route: Completed in 0.205s
[2026-02-17 18:29:36,281] INFO get_manga_route: Completed in 0.184s
[2026-02-17 18:51:18,121] INFO get_manga_route: Completed in 0.190s
[2026-02-17 19:13:36,494] INFO get_manga_route: Completed in 0.179s
[2026-02-17 19:13:43,668] INFO get_manga_route: Completed in 0.157s
[2026-02-17 19:15:13,661] INFO get_manga_route: Completed in 0.167s
[2026-02-17 19:15:17,668] INFO get_manga_route: Completed in 0.163s
[2026-02-17 19:15:41,471] INFO get_manga_route: Completed in 0.188s
[2026-02-17 19:19:26,990] INFO get_manga_route: Completed in 0.150s
[2026-02-17 19:19:34,893] INFO get_manga_route: Completed in 0.357s
[2026-02-17 19:21:04,960] INFO get_manga_route: Completed in 0.210s
[2026-02-17 19:21:27,264] INFO get_manga_route: Completed in 0.683s
[2026-02-17 19:21:32,703] INFO get_manga_route: Completed in 0.357s
[2026-02-17 19:21:44,239] INFO get_manga_route: Completed in 0.172s
[2026-02-17 19:21:55,379] INFO get_manga_route: Completed in 0.413s
[2026-02-17 19:28:19,346] INFO get_manga_route: Completed in 0.165s
[2026-02-17 19:31:32,373] INFO get_manga_route: Completed in 0.186s
[2026-02-17 19:33:19,434] INFO get_manga_route: Completed in 0.149s
[2026-02-17 19:35:17,812] INFO get_manga_route: Completed in 0.260s
[2026-02-17 19:35:35,924] INFO get_manga_route: Completed in 0.190s
[2026-02-17 19:36:02,664] INFO get_manga_route: Completed in 0.273s
[2026-02-17 22:06:15,316] INFO get_manga_route: Completed in 0.453s
[2026-02-17 22:06:16,173] INFO get_manga_route: Completed in 0.189s
[2026-02-17 22:24:43,562] INFO get_manga_route: Completed in 0.191s
[2026-02-17 22:42:16,230] INFO get_manga_route: Completed in 0.338s
[2026-02-17 23:03:33,400] INFO get_manga_route: Completed in 0.605s
[2026-02-17 23:21:23,880] INFO get_manga_route: Completed in 0.181s
[2026-02-19 00:02:05,174] INFO get_manga_route: Completed in 0.193s
[2026-02-19 00:02:05,210] INFO get_manga_route: Completed in 0.228s
[2026-02-19 00:02:51,700] INFO get_manga_route: Completed in 0.199s
[2026-02-19 00:02:51,721] INFO get_manga_route: Completed in 0.221s
[2026-02-19 00:03:13,726] INFO get_manga_route: Completed in 0.637s
[2026-02-19 00:03:13,964] INFO get_manga_route: Completed in 0.873s
[2026-02-19 00:04:31,407] INFO get_manga_route: Completed in 0.470s
[2026-02-19 00:04:32,254] INFO get_manga_route: Completed in 1.315s
[2026-02-19 00:12:23,792] INFO get_manga_route: Completed in 0.180s
[2026-02-19 00:12:24,369] INFO get_manga_route: Completed in 0.225s
[2026-02-19 00:13:35,202] INFO get_manga_route: Completed in 0.399s
[2026-02-19 00:13:35,206] INFO get_manga_route: Completed in 0.406s
[2026-02-19 00:13:49,827] INFO get_manga_route: Completed in 0.399s
[2026-02-19 00:13:49,831] INFO get_manga_route: Completed in 0.406s
[2026-02-19 00:14:01,771] INFO get_manga_route: Completed in 0.227s
[2026-02-19 00:14:02,241] INFO get_manga_route: Completed in 0.699s
[2026-02-19 00:14:08,256] INFO get_manga_route: Completed in 0.213s
[2026-02-19 00:14:08,264] INFO get_manga_route: Completed in 0.222s
[2026-02-19 00:14:22,598] INFO get_manga_route: Completed in 0.206s
[2026-02-19 00:14:25,746] INFO get_manga_route: Completed in 0.198s
[2026-02-19 00:15:32,313] INFO get_manga_route: Completed in 0.509s
[2026-02-19 00:20:14,252] INFO get_manga_route: Completed in 0.243s
[2026-02-19 00:21:05,118] INFO get_manga_route: Completed in 0.235s
[2026-02-19 00:26:18,418] INFO get_manga_route: Completed in 0.284s
[2026-02-19 00:27:02,325] INFO get_manga_route: Completed in 0.207s
[2026-02-19 00:27:02,621] INFO get_manga_route: Completed in 0.500s
[2026-02-19 00:30:06,988] INFO get_manga_route: Completed in 0.224s
[2026-02-19 00:34:48,029] INFO get_manga_route: Completed in 0.252s
[2026-02-19 00:36:26,784] INFO get_manga_route: Completed in 0.264s
[2026-02-19 00:37:34,498] INFO get_manga_route: Completed in 0.238s
[2026-02-19 00:37:51,376] INFO get_manga_route: Completed in 0.175s
[2026-02-19 00:38:14,384] INFO get_manga_route: Completed in 0.197s
[2026-02-19 00:44:14,821] INFO get_manga_route: Completed in 0.204s
[2026-02-19 00:45:20,900] INFO get_manga_route: Completed in 0.205s
[2026-02-19 00:47:07,417] INFO get_manga_route: Completed in 0.169s
[2026-02-19 00:48:28,027] INFO get_manga_route: Completed in 0.176s
[2026-02-19 00:48:28,882] INFO get_manga_route: Failed in 0.063s - 
[2026-02-19 00:48:29,089] INFO get_manga_route: Failed in 0.030s - 
[2026-02-19 00:49:45,586] INFO get_manga_route: Completed in 0.234s
[2026-02-19 00:50:58,212] INFO get_manga_route: Completed in 0.431s
[2026-02-19 00:50:59,190] INFO get_manga_route: Failed in 0.032s - 
[2026-02-19 00:50:59,553] INFO get_manga_route: Failed in 0.033s - 
[2026-02-19 00:53:04,756] INFO get_manga_route: Completed in 0.181s
[2026-02-19 00:53:05,356] INFO get_manga_route: Failed in 0.050s - 
[2026-02-19 00:58:21,385] INFO get_manga_route: Completed in 0.170s
[2026-02-19 00:58:31,927] INFO get_manga_route: Failed in 0.025s - 
[2026-02-19 00:58:33,146] INFO get_manga_route: Completed in 0.210s
[2026-02-19 01:01:21,269] INFO get_manga_route: Completed in 0.240s
[2026-02-19 01:01:21,278] INFO get_manga_route: Completed in 0.252s
[2026-02-19 01:01:21,415] INFO get_manga_route: Completed in 0.397s
[2026-02-19 01:01:36,051] INFO get_manga_route: Completed in 0.351s
[2026-02-19 01:01:36,894] INFO get_manga_route: Failed in 0.034s - 
[2026-02-19 01:01:36,972] INFO get_manga_route: Failed in 0.086s - 
[2026-02-19 01:03:38,735] INFO get_manga_route: Completed in 0.201s
[2026-02-19 01:03:39,389] INFO get_manga_route: Failed in 0.033s - 
[2026-02-19 01:03:58,795] INFO get_manga_route: Completed in 0.290s
[2026-02-19 01:03:58,843] INFO get_manga_route: Completed in 0.324s
[2026-02-19 01:03:59,010] INFO get_manga_route: Completed in 0.495s
[2026-02-19 01:03:59,280] INFO get_manga_route: Completed in 0.211s
[2026-02-19 01:03:59,610] INFO get_manga_route: Completed in 0.195s
[2026-02-19 01:04:00,682] INFO get_manga_route: Failed in 0.057s - 
[2026-02-19 01:04:01,984] INFO get_manga_route: Completed in 0.143s
[2026-02-19 01:04:03,047] INFO get_manga_route: Failed in 0.040s - 
[2026-02-19 01:04:03,359] INFO get_manga_route: Failed in 0.039s - 
[2026-02-19 01:04:14,195] INFO get_manga_route: Completed in 0.175s
[2026-02-19 01:04:14,591] INFO get_manga_route: Failed in 0.034s - 
[2026-02-19 01:04:14,832] INFO get_manga_route: Completed in 0.264s
[2026-02-19 01:04:14,985] INFO get_manga_route: Completed in 0.425s
[2026-02-19 01:04:16,144] INFO get_manga_route: Failed in 0.030s - 
[2026-02-19 01:04:16,576] INFO get_manga_route: Failed in 0.025s - 
[2026-02-19 01:04:30,487] INFO get_manga_route: Failed in 0.048s - 
[2026-02-19 01:04:31,937] INFO get_manga_route: Failed in 0.025s - 
[2026-02-19 01:04:35,272] INFO get_manga_route: Completed in 0.194s
[2026-02-19 01:07:48,848] INFO get_manga_route: Completed in 0.163s
[2026-02-19 01:07:49,672] INFO get_manga_route: Failed in 0.029s - 
[2026-02-19 01:07:49,774] INFO get_manga_route: Failed in 0.246s - 
[2026-02-19 01:08:19,179] INFO get_manga_route: Completed in 0.233s
[2026-02-19 01:08:20,040] INFO get_manga_route: Failed in 0.043s - 
[2026-02-19 01:08:20,108] INFO get_manga_route: Failed in 0.106s - 
[2026-02-19 01:08:23,472] INFO get_manga_route: Failed in 0.036s - 
[2026-02-19 01:08:27,499] INFO get_manga_route: Failed in 0.058s - 
[2026-02-19 01:08:57,004] INFO get_manga_route: Completed in 0.215s
[2026-02-19 01:08:57,952] INFO get_manga_route: Failed in 0.060s - 
[2026-02-19 01:08:58,904] INFO get_manga_route: Failed in 0.268s - 
[2026-02-19 01:09:06,250] INFO get_manga_route: Failed in 0.034s - 
[2026-02-19 01:09:06,932] INFO get_manga_route: Failed in 0.268s - 
[2026-02-19 01:09:07,205] INFO get_manga_route: Completed in 0.196s
[2026-02-19 01:09:08,513] INFO get_manga_route: Failed in 0.039s - 
[2026-02-19 01:09:08,586] INFO get_manga_route: Failed in 0.108s - 
[2026-02-19 01:09:11,010] INFO get_manga_route: Completed in 0.255s
[2026-02-19 01:09:11,890] INFO get_manga_route: Failed in 0.061s - 
[2026-02-19 01:09:12,476] INFO get_manga_route: Failed in 0.042s - 
[2026-02-19 01:09:18,494] INFO get_manga_route: Completed in 0.178s
[2026-02-19 01:09:19,712] INFO get_manga_route: Failed in 0.245s - 
[2026-02-19 01:09:19,811] INFO get_manga_route: Failed in 0.246s - 
[2026-02-19 01:11:48,993] INFO get_manga_route: Failed in 0.025s - 
[2026-02-19 01:11:53,922] INFO get_manga_route: Failed in 0.045s - 
[2026-02-19 01:12:06,386] INFO get_manga_route: Completed in 0.178s
[2026-02-19 01:12:07,026] INFO get_manga_route: Failed in 0.028s - 
[2026-02-19 01:12:16,211] INFO get_manga_route: Failed in 0.026s - 
[2026-02-19 01:12:29,056] INFO get_manga_route: Failed in 0.242s - 
[2026-02-19 01:12:49,461] INFO get_manga_route: Failed in 0.030s - 
[2026-02-19 01:13:25,626] INFO get_manga_route: Failed in 0.022s - 
[2026-02-19 01:13:32,853] INFO get_manga_route: Completed in 0.173s
[2026-02-19 01:13:33,888] INFO get_manga_route: Failed in 0.034s - 
[2026-02-19 01:13:34,033] INFO get_manga_route: Failed in 0.034s - 
[2026-02-19 01:17:07,373] INFO get_manga_route: Completed in 0.459s
[2026-02-19 01:17:08,235] INFO get_manga_route: Failed in 0.058s - 
[2026-02-19 01:17:08,595] INFO get_manga_route: Failed in 0.036s - 
[2026-02-19 01:19:26,871] INFO get_manga_route: Failed in 0.026s - 
[2026-02-19 01:19:33,493] INFO get_manga_route: Completed in 0.164s
[2026-02-19 01:19:34,227] INFO get_manga_route: Failed in 0.030s - 
[2026-02-19 01:19:40,386] INFO get_manga_route: Failed in 0.038s - 
[2026-02-19 01:19:54,803] INFO get_manga_route: Failed in 0.043s - 
[2026-02-19 01:20:03,993] INFO get_manga_route: Failed in 0.021s - 
[2026-02-19 01:20:11,208] INFO get_manga_route: Completed in 0.254s
[2026-02-19 01:20:12,163] INFO get_manga_route: Failed in 0.024s - 
[2026-02-19 01:20:18,671] INFO get_manga_route: Completed in 0.195s
[2026-02-19 01:25:54,591] INFO get_manga_route: Completed in 0.209s
[2026-02-19 01:26:26,815] INFO get_manga_route: Completed in 0.361s
[2026-02-19 01:27:38,130] INFO get_manga_route: Completed in 0.164s
[2026-02-19 01:33:39,689] INFO get_manga_route: Completed in 0.164s
[2026-02-19 01:34:19,487] INFO get_manga_route: Completed in 0.156s
[2026-02-19 01:34:21,572] INFO get_manga_route: Completed in 0.138s
[2026-02-19 01:35:46,830] INFO get_manga_route: Completed in 0.158s
[2026-02-19 01:36:45,741] INFO get_manga_route: Completed in 0.196s
[2026-02-19 01:37:46,994] INFO get_manga_route: Completed in 0.272s
[2026-02-19 01:38:38,842] INFO get_manga_route: Completed in 0.148s
[2026-02-19 01:38:42,763] INFO get_manga_route: Completed in 0.146s
[2026-02-19 01:39:57,064] INFO get_manga_route: Completed in 0.111s
[2026-02-19 01:40:10,599] INFO get_manga_route: Completed in 0.086s
[2026-02-19 01:43:03,179] INFO get_manga_route: Completed in 0.199s
[2026-02-19 01:44:27,248] INFO get_manga_route: Completed in 0.177s
[2026-02-19 01:49:48,424] INFO get_manga_route: Completed in 0.278s
[2026-02-19 11:09:17,899] INFO get_manga_route: Completed in 1.381s
[2026-02-19 11:09:18,142] INFO get_manga_route: Completed in 1.520s
[2026-02-19 11:10:13,814] INFO get_profile_titles_route: Completed in 5.829s
[2026-02-19 11:10:24,748] INFO get_manga_route: Completed in 4.630s
[2026-02-19 11:32:10,769] INFO get_manga_route: Completed in 2.110s
[2026-02-19 14:47:41,288] INFO get_manga_route: Completed in 6.494s
[2026-02-19 14:47:42,577] INFO get_manga_route: Completed in 6.019s
[2026-02-19 23:59:18,787] INFO get_manga_route: Completed in 0.297s
[2026-02-20 12:37:36,565] INFO get_manga_route: Completed in 0.144s
[2026-02-20 12:45:37,217] INFO get_manga_route: Completed in 0.156s
[2026-02-20 12:45:38,599] INFO get_manga_route: Failed in 0.031s - 
[2026-02-20 17:39:48,475] INFO get_manga_route: Completed in 0.164s
[2026-02-20 17:39:48,529] INFO get_manga_route: Completed in 0.214s
[2026-02-20 21:15:01,050] INFO get_manga_route: Completed in 0.204s
[2026-02-20 21:23:20,886] INFO get_manga_route: Completed in 0.224s
[2026-02-20 21:27:32,484] INFO get_manga_route: Completed in 0.255s
[2026-02-20 21:29:13,752] INFO get_manga_route: Completed in 0.175s
[2026-02-20 21:29:33,199] INFO get_manga_route: Completed in 0.234s
[2026-02-20 21:30:27,578] INFO get_manga_route: Completed in 0.299s
[2026-02-21 00:18:44,336] INFO get_manga_route: Completed in 0.194s
[2026-02-21 00:19:13,587] INFO get_manga_route: Completed in 0.210s
[2026-02-21 00:19:40,724] INFO get_manga_route: Completed in 0.793s
[2026-02-21 00:20:41,943] INFO get_manga_route: Completed in 0.472s
[2026-02-21 00:21:05,846] INFO get_manga_route: Completed in 0.203s
[2026-02-21 00:21:20,632] INFO get_manga_route: Completed in 0.157s
[2026-02-21 00:54:50,078] INFO get_manga_route: Completed in 0.147s
[2026-02-21 00:55:12,892] INFO get_profile_titles_route: Completed in 0.222s
[2026-02-21 01:00:44,703] INFO get_manga_route: Completed in 0.118s
[2026-02-21 01:01:38,683] INFO get_manga_route: Completed in 0.512s
[2026-02-21 01:07:01,846] INFO get_manga_route: Completed in 0.101s
[2026-02-21 01:07:07,826] INFO get_manga_route: Completed in 0.113s
[2026-02-21 01:12:54,309] INFO get_manga_route: Completed in 0.115s
[2026-02-21 11:17:50,164] INFO get_manga_route: Completed in 0.473s
[2026-02-21 11:17:50,642] INFO get_manga_route: Failed in 0.047s - 
[2026-02-21 11:18:10,737] INFO get_manga_route: Completed in 0.220s
[2026-02-21 11:18:12,239] INFO get_manga_route: Failed in 0.212s - 
[2026-02-21 11:31:18,364] INFO get_manga_route: Failed in 0.024s - 
[2026-02-21 11:31:32,116] INFO get_manga_route: Completed in 0.131s
[2026-02-21 14:34:59,039] INFO get_manga_route: Completed in 0.196s
[2026-02-21 14:34:59,040] INFO get_manga_route: Completed in 0.198s
[2026-02-21 14:35:05,201] INFO get_manga_route: Completed in 0.200s
[2026-02-21 14:35:05,208] INFO get_manga_route: Completed in 0.210s
[2026-02-21 14:35:21,994] INFO get_manga_route: Completed in 0.515s
[2026-02-21 14:35:22,125] INFO get_manga_route: Completed in 0.651s
[2026-02-21 14:35:34,269] INFO get_manga_route: Completed in 0.228s
[2026-02-21 14:35:34,488] INFO get_manga_route: Completed in 0.445s
[2026-02-21 14:36:04,950] INFO get_manga_route: Completed in 0.311s
[2026-02-21 14:36:04,991] INFO get_manga_route: Completed in 0.348s
[2026-02-21 14:36:05,870] INFO get_manga_route: Failed in 0.036s - 
[2026-02-21 14:36:05,947] INFO get_manga_route: Failed in 0.094s - 
[2026-02-21 16:50:07,923] INFO get_manga_route: Completed in 0.126s
[2026-02-21 16:50:08,786] INFO get_manga_route: Failed in 0.022s - 
[2026-02-21 16:52:43,860] INFO get_manga_route: Completed in 0.400s
[2026-02-21 16:52:46,474] INFO get_manga_route: Completed in 0.141s
[2026-02-21 16:52:47,481] INFO get_manga_route: Failed in 0.031s - 
[2026-02-21 16:54:11,075] INFO get_manga_route: Completed in 0.141s
[2026-02-22 12:12:42,021] INFO get_manga_route: Completed in 0.622s
[2026-02-22 12:16:40,595] INFO get_manga_route: Failed in 951.564s - (psycopg2.OperationalError) could not receive data from server: Connection timed out
SSL SYSCALL error: Connection timed out

[SQL: SELECT manga.id AS manga_id, manga.slug AS manga_slug, manga.name AS manga_name, manga.description AS manga_description, manga.type_id AS manga_type_id, manga.status_id AS manga_status_id, manga.year AS manga_year, manga.views AS manga_views, manga.adult_id AS manga_adult_id, manga.poster_uuid AS manga_poster_uuid, manga.background_uuid AS manga_background_uuid, manga.promo_name_uuid AS manga_promo_name_uuid, manga.promo_logo_uuid AS manga_promo_logo_uuid, manga.promo_background_uuid AS manga_promo_background_uuid, manga.creator_id AS manga_creator_id, manga.created_at AS manga_created_at, manga.privacy_id AS manga_privacy_id 
FROM manga 
WHERE manga.slug = %(slug_1)s]
[parameters: {'slug_1': 'dandadan'}]
(Background on this error at: https://sqlalche.me/e/20/e3q8)
[2026-02-22 12:17:43,768] INFO get_manga_route: Completed in 0.304s
[2026-02-22 12:31:21,490] INFO get_manga_route: Completed in 1.580s
[2026-02-22 12:31:21,784] INFO get_manga_route: Completed in 1.492s
[2026-02-22 12:31:21,866] INFO get_manga_route: Completed in 1.582s
[2026-02-22 12:31:42,300] INFO get_manga_route: Completed in 0.212s
[2026-02-22 12:31:43,126] INFO get_manga_route: Completed in 0.613s
[2026-02-22 12:31:44,134] INFO get_manga_route: Completed in 1.594s
[2026-02-22 12:31:50,456] INFO get_manga_route: Completed in 0.534s
[2026-02-22 12:34:34,100] INFO get_manga_route: Completed in 1.382s
[2026-02-22 12:34:34,188] INFO get_manga_route: Completed in 1.462s
[2026-02-22 12:34:34,491] INFO get_manga_route: Completed in 1.757s
[2026-02-22 16:13:01,216] INFO get_manga_route: Completed in 0.535s
[2026-02-22 16:13:29,695] INFO get_manga_route: Completed in 0.965s
[2026-02-22 18:10:09,961] INFO get_manga_route: Completed in 0.236s
[2026-02-22 18:10:39,246] INFO get_manga_route: Completed in 0.283s
[2026-02-22 18:10:51,761] INFO get_manga_route: Completed in 0.464s
[2026-02-22 18:11:21,306] INFO get_manga_route: Completed in 0.465s
[2026-02-22 18:12:03,907] INFO get_manga_route: Completed in 0.845s
[2026-02-22 18:12:27,653] INFO get_manga_route: Completed in 0.303s
[2026-02-22 18:14:11,797] INFO get_manga_route: Completed in 0.463s
[2026-02-22 18:14:33,741] INFO get_manga_route: Completed in 1.319s
[2026-02-22 18:15:17,298] INFO get_manga_route: Completed in 0.364s
[2026-02-22 18:15:48,331] INFO get_manga_route: Completed in 0.394s
[2026-02-22 18:17:12,282] INFO get_manga_route: Completed in 0.267s
[2026-02-22 18:17:32,432] INFO get_manga_route: Completed in 0.242s
[2026-02-22 18:21:17,512] INFO get_manga_route: Completed in 0.330s
[2026-02-22 18:24:20,165] INFO get_manga_route: Completed in 0.316s
[2026-02-22 18:26:53,815] INFO get_manga_route: Completed in 0.448s
[2026-02-22 18:26:58,478] INFO get_manga_route: Completed in 0.239s
[2026-02-22 18:27:59,752] INFO get_manga_route: Completed in 0.411s
[2026-02-22 22:06:24,863] INFO get_manga_route: Completed in 0.225s
[2026-02-22 23:41:01,765] INFO get_manga_route: Completed in 0.170s
[2026-02-22 23:41:02,850] INFO get_manga_route: Failed in 0.027s - 
[2026-02-22 23:45:08,524] INFO get_manga_route: Completed in 0.174s
[2026-02-22 23:45:08,570] INFO get_manga_route: Completed in 0.219s
[2026-02-22 23:45:09,334] INFO get_manga_route: Failed in 0.031s - 
[2026-02-22 23:45:09,336] INFO get_manga_route: Failed in 0.029s - 
[2026-02-22 23:45:37,383] INFO get_manga_route: Completed in 0.164s
[2026-02-22 23:45:37,608] INFO get_manga_route: Completed in 0.385s
[2026-02-22 23:45:38,167] INFO get_manga_route: Failed in 0.013s - 
[2026-02-22 23:45:38,169] INFO get_manga_route: Failed in 0.015s - 
[2026-02-22 23:46:28,632] INFO get_manga_route: Completed in 0.137s
[2026-02-22 23:46:28,633] INFO get_manga_route: Completed in 0.142s
[2026-02-22 23:46:36,760] INFO get_manga_route: Completed in 0.166s
[2026-02-22 23:46:37,021] INFO get_manga_route: Completed in 0.425s
[2026-02-22 23:46:37,725] INFO get_manga_route: Failed in 0.014s - 
[2026-02-22 23:46:37,729] INFO get_manga_route: Failed in 0.015s - 
[2026-02-22 23:46:53,214] INFO get_manga_route: Completed in 0.172s
[2026-02-22 23:46:53,409] INFO get_manga_route: Completed in 0.367s
[2026-02-22 23:46:54,257] INFO get_manga_route: Failed in 0.041s - 
[2026-02-22 23:46:54,257] INFO get_manga_route: Failed in 0.031s - 
[2026-02-22 23:48:44,865] INFO get_manga_route: Completed in 0.164s
[2026-02-22 23:48:44,883] INFO get_manga_route: Completed in 0.178s
[2026-02-22 23:48:45,730] INFO get_manga_route: Failed in 0.018s - 
[2026-02-22 23:48:45,734] INFO get_manga_route: Failed in 0.017s - 
[2026-02-22 23:49:36,976] INFO get_manga_route: Completed in 0.141s
[2026-02-22 23:49:37,156] INFO get_manga_route: Completed in 0.429s
[2026-02-22 23:49:39,887] INFO get_manga_route: Completed in 0.179s
[2026-02-22 23:49:40,526] INFO get_manga_route: Failed in 0.011s - 
[2026-02-22 23:49:55,780] INFO get_manga_route: Completed in 0.378s
[2026-02-22 23:49:55,900] INFO get_manga_route: Completed in 0.357s
[2026-02-22 23:50:06,390] INFO get_manga_route: Completed in 0.534s
[2026-02-22 23:50:07,058] INFO get_manga_route: Failed in 0.021s - 
[2026-02-22 23:50:31,648] INFO get_manga_route: Completed in 0.364s
[2026-02-22 23:50:31,717] INFO get_manga_route: Completed in 0.397s
[2026-02-22 23:50:41,026] INFO get_manga_route: Completed in 0.512s
[2026-02-22 23:50:41,823] INFO get_manga_route: Failed in 0.034s - 
[2026-02-22 23:50:45,189] INFO get_manga_route: Completed in 0.307s
[2026-02-22 23:50:45,813] INFO get_manga_route: Failed in 0.010s - 
[2026-02-22 23:53:45,343] INFO get_manga_route: Completed in 0.299s
[2026-02-22 23:53:46,460] INFO get_manga_route: Completed in 0.262s
[2026-02-22 23:54:27,861] INFO get_manga_route: Completed in 0.376s
[2026-02-22 23:55:01,952] INFO get_manga_route: Completed in 0.112s
[2026-02-22 23:55:03,126] INFO get_manga_route: Failed in 0.010s - 
[2026-02-22 23:58:26,211] INFO get_manga_route: Completed in 0.319s
[2026-02-22 23:58:26,892] INFO get_manga_route: Failed in 0.012s - 
[2026-02-22 23:58:38,393] INFO get_manga_route: Completed in 0.588s
[2026-02-22 23:58:39,078] INFO get_manga_route: Failed in 0.017s - 
[2026-02-22 23:59:05,041] INFO get_manga_route: Completed in 0.151s
[2026-02-22 23:59:25,927] INFO get_manga_route: Completed in 0.212s
[2026-02-22 23:59:26,847] INFO get_manga_route: Failed in 0.010s - 
[2026-02-23 00:00:38,695] INFO get_manga_route: Completed in 0.385s
[2026-02-23 00:00:39,678] INFO get_manga_route: Failed in 0.017s - 
[2026-02-23 00:00:55,746] INFO get_manga_route: Completed in 0.259s
[2026-02-23 00:04:39,195] INFO get_manga_route: Completed in 0.172s
[2026-02-23 00:04:39,715] INFO get_manga_route: Completed in 0.175s
[2026-02-23 00:42:48,726] INFO get_manga_route: Completed in 0.163s
[2026-02-23 00:42:49,510] INFO get_manga_route: Failed in 0.010s - 
[2026-02-23 00:42:49,522] INFO get_manga_route: Failed in 0.018s - 
[2026-02-23 00:42:50,229] INFO get_manga_route: Failed in 0.035s - 
[2026-02-23 00:42:50,270] INFO get_manga_route: Failed in 0.077s - 
[2026-02-23 00:43:05,599] INFO get_manga_route: Completed in 0.281s
[2026-02-23 00:43:05,611] INFO get_manga_route: Completed in 0.336s
[2026-02-23 00:43:06,646] INFO get_manga_route: Failed in 0.021s - 
[2026-02-23 00:43:06,646] INFO get_manga_route: Failed in 0.025s - 
[2026-02-23 00:43:27,983] INFO get_manga_route: Completed in 0.681s
[2026-02-23 00:43:28,120] INFO get_manga_route: Completed in 0.814s
[2026-02-23 00:43:29,091] INFO get_manga_route: Failed in 0.013s - 
[2026-02-23 00:43:29,296] INFO get_manga_route: Failed in 0.223s - 
[2026-02-23 00:44:32,386] INFO get_manga_route: Completed in 0.153s
[2026-02-23 00:44:38,794] INFO get_manga_route: Completed in 0.178s
[2026-02-23 00:44:39,670] INFO get_manga_route: Failed in 0.033s - 
[2026-02-23 00:46:57,872] INFO get_manga_route: Completed in 0.231s
[2026-02-23 00:46:58,602] INFO get_manga_route: Failed in 0.012s - 
[2026-02-23 00:49:23,223] INFO get_manga_route: Completed in 0.131s
[2026-02-23 00:51:07,292] INFO get_manga_route: Completed in 0.148s
[2026-02-23 00:51:25,593] INFO get_manga_route: Completed in 0.393s
[2026-02-23 00:51:26,558] INFO get_manga_route: Failed in 0.012s - 
[2026-02-23 00:52:11,196] INFO get_manga_route: Completed in 0.185s
[2026-02-23 00:52:45,358] INFO get_manga_route: Completed in 0.826s
[2026-02-23 00:52:45,903] INFO get_manga_route: Failed in 0.012s - 
[2026-02-23 00:54:48,546] INFO get_manga_route: Completed in 0.620s
[2026-02-23 00:54:49,470] INFO get_manga_route: Failed in 0.242s - 
[2026-02-23 00:55:53,042] INFO get_manga_route: Completed in 0.365s
[2026-02-23 00:56:46,096] INFO get_manga_route: Completed in 0.319s
[2026-02-23 00:56:46,974] INFO get_manga_route: Failed in 0.043s - 
[2026-02-23 00:56:47,100] INFO get_manga_route: Failed in 0.160s - 
[2026-02-23 00:58:04,177] INFO get_manga_route: Completed in 0.374s
[2026-02-23 00:58:04,852] INFO get_manga_route: Failed in 0.019s - 
[2026-02-23 00:58:25,797] INFO get_manga_route: Failed in 0.024s - 
[2026-02-23 00:58:37,746] INFO get_manga_route: Completed in 0.185s
[2026-02-23 00:58:38,942] INFO get_manga_route: Failed in 0.025s - 
[2026-02-23 00:59:52,562] INFO get_manga_route: Completed in 0.364s
[2026-02-23 01:00:32,562] INFO get_manga_route: Completed in 0.363s
[2026-02-23 01:01:28,971] INFO get_manga_route: Completed in 0.164s
[2026-02-23 01:01:51,863] INFO get_manga_route: Completed in 0.282s
[2026-02-23 01:01:52,120] INFO get_manga_route: Completed in 0.401s
[2026-02-23 01:01:57,139] INFO get_manga_route: Completed in 0.140s
[2026-02-23 01:02:50,513] INFO get_manga_route: Completed in 0.139s
[2026-02-23 01:03:05,628] INFO get_manga_route: Completed in 0.241s
[2026-02-23 01:03:35,709] INFO get_manga_route: Completed in 0.181s
[2026-02-23 01:03:35,771] INFO get_manga_route: Completed in 0.365s
[2026-02-23 01:03:36,018] INFO get_manga_route: Completed in 0.148s
[2026-02-23 01:03:36,394] INFO get_manga_route: Completed in 0.167s
[2026-02-23 01:03:36,663] INFO get_manga_route: Completed in 0.125s
[2026-02-23 01:03:42,140] INFO get_manga_route: Completed in 0.179s
[2026-02-23 01:06:50,020] INFO get_manga_route: Completed in 0.127s
[2026-02-23 01:07:55,947] INFO get_manga_route: Completed in 0.125s
[2026-02-23 01:07:56,141] INFO get_manga_route: Completed in 0.321s
[2026-02-23 01:10:46,806] INFO get_manga_route: Completed in 0.389s
[2026-02-23 01:11:05,560] INFO get_manga_route: Completed in 0.782s
[2026-02-23 01:12:01,596] INFO get_manga_route: Completed in 0.151s
[2026-02-23 01:51:52,551] INFO get_manga_route: Completed in 0.215s
[2026-02-23 01:52:01,331] INFO get_manga_route: Completed in 0.166s
[2026-02-23 10:41:43,875] INFO get_manga_route: Completed in 0.639s
[2026-02-23 10:44:38,830] INFO get_manga_route: Failed in 965.038s - (psycopg2.OperationalError) could not receive data from server: Connection timed out
SSL SYSCALL error: Connection timed out

[SQL: SELECT manga.id AS manga_id, manga.slug AS manga_slug, manga.name AS manga_name, manga.description AS manga_description, manga.type_id AS manga_type_id, manga.status_id AS manga_status_id, manga.year AS manga_year, manga.views AS manga_views, manga.adult_id AS manga_adult_id, manga.poster_uuid AS manga_poster_uuid, manga.background_uuid AS manga_background_uuid, manga.promo_name_uuid AS manga_promo_name_uuid, manga.promo_logo_uuid AS manga_promo_logo_uuid, manga.promo_background_uuid AS manga_promo_background_uuid, manga.creator_id AS manga_creator_id, manga.created_at AS manga_created_at, manga.privacy_id AS manga_privacy_id 
FROM manga 
WHERE manga.slug = %(slug_1)s]
[parameters: {'slug_1': 'attack-on-titan'}]
(Background on this error at: https://sqlalche.me/e/20/e3q8)
[2026-02-23 12:24:09,049] INFO get_manga_route: Completed in 0.180s
[2026-02-23 12:24:14,439] INFO get_manga_route: Completed in 0.199s
[2026-02-23 12:24:37,620] INFO get_manga_route: Completed in 0.127s
[2026-02-23 12:24:51,155] INFO get_manga_route: Completed in 0.137s
[2026-02-23 12:32:47,617] INFO get_manga_route: Completed in 0.118s
[2026-02-23 12:32:59,954] INFO get_manga_route: Completed in 0.133s
[2026-02-23 12:33:00,638] INFO get_manga_route: Completed in 0.134s
[2026-02-23 12:33:02,157] INFO get_manga_route: Completed in 0.138s
[2026-02-23 12:33:02,617] INFO get_manga_route: Completed in 0.124s
[2026-02-23 12:34:30,698] INFO get_manga_route: Completed in 0.137s
[2026-02-23 12:35:21,405] INFO get_manga_route: Completed in 0.147s
[2026-02-23 12:35:22,150] INFO get_manga_route: Completed in 0.141s
[2026-02-23 12:35:24,495] INFO get_manga_route: Completed in 0.244s
[2026-02-23 12:35:47,144] INFO get_manga_route: Completed in 0.126s
[2026-02-23 12:35:47,894] INFO get_manga_route: Completed in 0.126s
[2026-02-23 12:36:01,272] INFO get_manga_route: Completed in 0.117s
[2026-02-23 12:36:28,424] INFO get_manga_route: Completed in 0.258s
[2026-02-23 12:38:11,714] INFO get_manga_route: Completed in 0.283s
[2026-02-23 12:39:02,744] INFO get_manga_route: Completed in 0.511s
[2026-02-23 12:40:21,863] INFO get_manga_route: Completed in 0.131s
[2026-02-23 12:40:36,653] INFO get_manga_route: Completed in 0.171s
[2026-02-23 12:41:00,275] INFO get_manga_route: Completed in 0.201s
[2026-02-23 12:42:05,740] INFO get_manga_route: Completed in 0.186s
[2026-02-23 12:48:23,735] INFO get_manga_route: Completed in 3.419s
[2026-02-23 12:50:15,273] INFO get_manga_route: Completed in 1.120s
[2026-02-23 12:50:15,306] INFO get_manga_route: Completed in 1.108s
[2026-02-23 12:50:15,473] INFO get_manga_route: Completed in 1.262s
[2026-02-23 12:50:26,697] INFO get_manga_route: Completed in 0.209s
[2026-02-23 13:42:20,108] INFO get_manga_route: Completed in 0.185s
[2026-02-24 21:37:07,572] INFO get_manga_route: Completed in 0.656s
[2026-02-24 21:37:08,626] INFO get_manga_route: Completed in 1.068s
[2026-02-24 21:37:22,642] INFO get_manga_route: Completed in 0.245s
[2026-02-24 21:38:01,085] INFO get_manga_route: Completed in 0.479s
[2026-02-24 21:51:28,848] INFO get_manga_route: Completed in 2.194s
[2026-02-24 21:51:29,812] INFO get_manga_route: Completed in 3.091s
[2026-02-24 21:51:30,333] INFO get_manga_route: Completed in 3.616s
[2026-02-24 21:51:33,061] INFO get_manga_route: Completed in 2.045s
[2026-02-24 21:52:30,319] INFO get_manga_route: Completed in 1.882s
[2026-02-24 21:53:50,914] INFO get_manga_route: Completed in 2.245s
[2026-02-24 22:02:06,110] INFO get_manga_route: Completed in 2.083s
[2026-02-24 23:16:26,754] INFO get_manga_route: Completed in 2.974s
[2026-02-24 23:16:50,088] INFO get_manga_route: Completed in 2.253s
[2026-02-24 23:44:50,372] INFO get_manga_route: Completed in 3.034s
[2026-02-24 23:45:33,064] INFO get_manga_route: Completed in 2.032s
[2026-02-24 23:45:34,468] INFO get_manga_route: Completed in 3.433s
[2026-02-24 23:48:29,326] INFO get_manga_route: Completed in 8.433s
[2026-02-24 23:48:32,675] INFO get_manga_route: Completed in 11.776s
[2026-02-24 23:49:29,744] INFO get_manga_route: Completed in 7.575s
[2026-02-25 00:04:40,009] INFO get_manga_route: Completed in 1.831s
[2026-02-25 00:04:58,499] INFO get_manga_route: Completed in 5.411s
[2026-02-25 00:05:06,609] INFO get_manga_route: Completed in 5.187s
[2026-02-25 00:12:12,646] INFO get_manga_route: Completed in 3.636s
[2026-02-25 00:12:45,399] INFO get_manga_route: Completed in 10.245s
[2026-02-25 11:45:01,196] INFO get_manga_route: Completed in 0.782s
[2026-02-25 11:45:01,929] INFO get_manga_route: Completed in 0.190s
[2026-02-25 11:47:33,487] INFO get_manga_route: Completed in 0.157s
[2026-02-25 11:48:00,466] INFO get_manga_route: Completed in 0.364s
[2026-02-25 11:51:03,926] INFO get_manga_route: Completed in 0.133s
[2026-02-25 11:51:17,336] INFO get_manga_route: Completed in 0.151s
[2026-02-25 11:51:35,062] INFO get_manga_route: Completed in 0.163s
[2026-02-25 11:51:53,428] INFO get_manga_route: Completed in 0.142s
[2026-02-25 11:52:09,563] INFO get_manga_route: Completed in 0.177s
[2026-02-25 11:53:37,435] INFO get_manga_route: Completed in 0.174s
[2026-02-25 11:53:42,768] INFO get_manga_route: Completed in 0.126s
[2026-02-25 11:53:47,083] INFO get_manga_route: Completed in 0.340s
[2026-02-25 11:53:51,536] INFO get_manga_route: Completed in 0.167s
[2026-02-25 11:54:14,013] INFO get_manga_route: Completed in 0.215s
[2026-02-25 11:55:51,671] INFO get_manga_route: Failed in 952.123s - (psycopg2.OperationalError) could not receive data from server: Connection timed out
SSL SYSCALL error: Connection timed out

[SQL: SELECT "user".id AS user_id, "user".email AS user_email, "user".password AS user_password, "user".created_at AS user_created_at, "user".is_verified AS user_is_verified 
FROM "user" 
WHERE "user".id = %(pk_1)s]
[parameters: {'pk_1': 1}]
(Background on this error at: https://sqlalche.me/e/20/e3q8)
[2026-02-25 12:05:09,368] INFO get_manga_route: Completed in 0.185s
[2026-02-25 12:05:32,705] INFO get_manga_route: Completed in 0.473s
[2026-02-25 12:05:49,278] INFO get_manga_route: Completed in 0.155s
[2026-02-25 12:05:56,732] INFO get_manga_route: Completed in 0.161s
[2026-02-25 12:06:16,169] INFO get_manga_route: Completed in 0.844s
[2026-02-25 12:06:38,053] INFO get_manga_route: Completed in 0.185s
[2026-02-25 12:07:28,778] INFO get_manga_route: Completed in 0.133s
[2026-02-25 12:07:36,328] INFO get_manga_route: Completed in 0.133s
[2026-02-25 12:08:12,622] INFO get_manga_route: Completed in 0.169s
[2026-02-25 12:27:14,800] INFO get_manga_route: Completed in 0.163s
[2026-02-25 12:53:59,600] INFO get_manga_route: Completed in 0.180s
[2026-02-25 13:42:19,352] INFO get_manga_route: Completed in 0.629s
[2026-02-25 13:42:20,060] INFO get_manga_route: Completed in 0.127s
[2026-02-26 09:39:18,722] INFO get_manga_route: Completed in 0.684s
[2026-02-26 09:46:02,088] INFO get_manga_route: Completed in 0.947s
[2026-02-26 09:50:27,817] INFO get_manga_route: Completed in 0.220s
[2026-02-26 09:50:36,805] INFO get_manga_route: Completed in 0.219s
[2026-02-26 09:50:47,290] INFO get_manga_route: Completed in 0.176s
[2026-02-26 09:51:26,715] INFO get_manga_route: Completed in 0.213s
[2026-02-26 09:51:52,024] INFO get_manga_route: Completed in 0.286s
[2026-02-26 09:54:29,759] INFO get_manga_route: Completed in 0.273s
[2026-02-26 09:55:14,557] INFO get_manga_route: Completed in 0.393s
[2026-02-26 11:04:53,429] INFO get_manga_route: Completed in 1.368s
[2026-02-26 15:24:05,166] INFO get_manga_route: Completed in 1.547s
[2026-02-26 15:24:07,288] INFO get_manga_route: Completed in 1.714s
[2026-02-26 15:24:11,259] INFO get_manga_route: Completed in 1.607s
[2026-02-26 15:24:11,768] INFO get_manga_route: Completed in 2.116s
[2026-02-26 15:24:12,974] INFO get_manga_route: Completed in 3.318s
[2026-02-26 15:24:32,572] INFO get_manga_route: Completed in 1.580s
[2026-02-26 15:25:04,847] INFO get_manga_route: Completed in 1.713s
[2026-02-26 15:25:13,159] INFO get_manga_route: Completed in 1.771s
[2026-02-26 19:24:01,095] INFO get_manga_route: Completed in 0.164s
[2026-02-28 00:43:52,205] INFO get_manga_route: Failed in 0.019s - MangaService.__init__() missing 1 required positional argument: 'manga_repo'
[2026-02-28 00:43:59,364] INFO get_manga_route: Failed in 0.020s - MangaService.__init__() missing 1 required positional argument: 'manga_repo'
[2026-02-28 00:49:10,688] INFO get_manga_route: Failed in 0.019s - MangaService.__init__() missing 1 required positional argument: 'manga_repo'
[2026-02-28 00:52:30,581] INFO get_manga_route: Failed in 0.015s - MangaService.__init__() missing 1 required positional argument: 'manga_repo'
[2026-02-28 01:05:13,563] INFO get_manga_route: Failed in 0.225s - MangaService.__init__() missing 1 required positional argument: 'manga_repo'
[2026-02-28 01:05:14,937] INFO get_manga_route: Failed in 0.018s - MangaService.__init__() missing 1 required positional argument: 'manga_repo'
[2026-02-28 01:08:06,805] INFO get_manga_route: Failed in 0.024s - MangaService.__init__() missing 1 required positional argument: 'manga_repo'
[2026-02-28 01:08:08,424] INFO get_manga_route: Failed in 0.020s - MangaService.__init__() missing 1 required positional argument: 'manga_repo'
[2026-02-28 01:08:31,857] INFO get_manga_route: Failed in 0.018s - MangaService.__init__() missing 1 required positional argument: 'manga_repo'
[2026-02-28 01:08:39,075] INFO get_manga_route: Failed in 0.038s - MangaService.__init__() missing 1 required positional argument: 'manga_repo'
[2026-02-28 01:08:39,316] INFO get_manga_route: Failed in 0.023s - MangaService.__init__() missing 1 required positional argument: 'manga_repo'
[2026-02-28 01:10:26,231] INFO get_manga_route: Failed in 0.025s - MangaService.__init__() missing 1 required positional argument: 'manga_repo'
[2026-02-28 01:13:21,577] INFO get_manga_route: Failed in 0.016s - MangaService.__init__() missing 1 required positional argument: 'manga_repo'
[2026-02-28 01:13:22,787] INFO get_manga_route: Failed in 0.019s - MangaService.__init__() missing 1 required positional argument: 'manga_repo'
[2026-02-28 01:29:30,392] INFO get_manga_route: Failed in 0.022s - MangaService.__init__() missing 1 required positional argument: 'manga_repo'
[2026-02-28 01:30:48,397] INFO get_manga_route: Failed in 0.094s - MangaService.__init__() missing 1 required positional argument: 'manga_repo'
[2026-02-28 23:37:46,927] INFO get_manga_route: Failed in 0.021s - MangaService.__init__() missing 1 required positional argument: 'manga_policy'
[2026-02-28 23:39:12,184] INFO get_manga_route: Completed in 0.282s
[2026-02-28 23:50:46,136] INFO get_manga_route: Completed in 0.264s
[2026-02-28 23:50:59,141] INFO get_manga_route: Completed in 0.298s
[2026-02-28 23:58:37,297] INFO get_manga_route: Completed in 0.225s
[2026-02-28 23:59:11,982] INFO get_manga_route: Completed in 0.474s
[2026-03-01 00:00:30,050] INFO get_manga_route: Completed in 0.329s
[2026-03-01 00:00:58,823] INFO get_manga_route: Completed in 0.139s
[2026-03-01 00:01:34,343] INFO get_manga_route: Completed in 0.269s
[2026-03-01 00:01:52,047] INFO get_manga_route: Completed in 0.370s
[2026-03-01 00:32:12,508] INFO get_manga_route: Completed in 0.158s
[2026-03-01 00:38:46,622] INFO get_manga_route: Failed in 0.098s - 
[2026-03-01 00:38:48,445] INFO get_manga_route: Completed in 0.184s
[2026-03-01 11:10:22,996] INFO get_manga_route: Completed in 0.370s
[2026-03-01 11:17:20,713] INFO get_manga_route: Completed in 0.552s
[2026-03-01 11:18:44,214] INFO get_manga_route: Completed in 0.761s
[2026-03-01 11:22:50,288] INFO get_manga_route: Completed in 0.327s
[2026-03-01 11:25:30,079] INFO get_manga_route: Completed in 0.127s
[2026-03-01 11:27:07,077] INFO get_manga_route: Failed in 0.039s - 
[2026-03-01 13:00:05,072] INFO get_manga_route: Completed in 0.185s
[2026-03-01 13:00:07,874] INFO get_manga_route: Failed in 0.033s - 
[2026-03-01 13:17:57,215] INFO get_manga_route: Completed in 0.122s
[2026-03-01 13:17:58,418] INFO get_manga_route: Completed in 0.301s
[2026-03-01 13:18:33,194] INFO get_manga_route: Completed in 0.850s
[2026-03-01 13:18:35,710] INFO get_manga_route: Completed in 0.245s
[2026-03-01 13:18:38,532] INFO get_manga_route: Failed in 0.039s - 
[2026-03-01 13:19:35,893] INFO get_manga_route: Completed in 0.149s
[2026-03-01 13:19:36,113] INFO get_manga_route: Completed in 0.364s
[2026-03-01 13:19:37,269] INFO get_manga_route: Completed in 0.122s
[2026-03-01 13:19:39,389] INFO get_manga_route: Failed in 0.020s - 
[2026-03-01 13:20:45,999] INFO get_manga_route: Completed in 0.098s
[2026-03-01 13:20:46,764] INFO get_manga_route: Completed in 0.096s
[2026-03-01 13:22:43,843] INFO get_manga_route: Completed in 0.124s
[2026-03-01 13:22:44,901] INFO get_manga_route: Completed in 0.138s
[2026-03-01 13:22:55,666] INFO get_manga_route: Completed in 0.301s
[2026-03-01 13:22:58,421] INFO get_manga_route: Failed in 0.026s - 
[2026-03-01 13:30:26,758] INFO get_manga_route: Completed in 0.641s
[2026-03-01 13:31:10,285] INFO get_manga_route: Completed in 1.208s
[2026-03-01 13:44:27,547] INFO get_manga_route: Completed in 0.188s
[2026-03-01 13:49:51,513] INFO get_manga_route: Completed in 0.154s
[2026-03-01 13:49:52,444] INFO get_manga_route: Completed in 0.159s
[2026-03-01 19:40:33,462] INFO get_manga_route: Completed in 0.198s
[2026-03-01 20:52:00,781] INFO get_manga_route: Completed in 0.182s
[2026-03-01 20:54:16,750] INFO get_manga_route: Completed in 0.348s
[2026-03-01 21:07:01,353] INFO get_manga_route: Completed in 0.175s
[2026-03-01 21:17:09,145] INFO get_manga_route: Completed in 0.145s
[2026-03-01 21:39:55,583] INFO get_manga_route: Failed in 0.000s - 'NoneType' object has no attribute 'id'
[2026-03-01 21:44:07,327] INFO get_manga_route: Completed in 0.138s
[2026-03-01 21:45:24,887] INFO get_manga_route: Completed in 0.188s
[2026-03-01 21:54:50,138] INFO get_manga_route: Completed in 0.126s
[2026-03-01 21:59:02,048] INFO get_manga_route: Completed in 0.268s
[2026-03-01 21:59:57,278] INFO get_manga_route: Failed in 0.000s - 'NoneType' object has no attribute 'id'
[2026-03-01 22:13:40,083] INFO get_manga_route: Completed in 0.401s
[2026-03-01 22:38:23,874] INFO get_manga_route: Completed in 0.201s
[2026-03-01 22:40:02,767] INFO get_manga_route: Completed in 0.302s
[2026-03-01 22:40:02,768] INFO get_manga_route: Completed in 0.304s
[2026-03-01 22:40:02,769] INFO get_manga_route: Completed in 0.297s
[2026-03-01 22:40:10,625] INFO get_manga_route: Completed in 0.194s
[2026-03-01 22:40:10,676] INFO get_manga_route: Completed in 0.235s
[2026-03-01 22:40:10,679] INFO get_manga_route: Completed in 0.244s
[2026-03-01 22:41:27,399] INFO get_manga_route: Completed in 0.136s
[2026-03-01 22:41:27,596] INFO get_manga_route: Completed in 0.327s
[2026-03-01 22:41:28,635] INFO get_manga_route: Completed in 0.122s
[2026-03-01 22:42:04,220] INFO get_manga_route: Completed in 0.136s
[2026-03-02 10:13:01,377] INFO get_manga_route: Completed in 0.176s
[2026-03-02 10:13:01,470] INFO get_manga_route: Completed in 0.268s
[2026-03-04 21:27:46,044] INFO get_manga_route: Completed in 2.810s
[2026-03-04 21:27:55,300] INFO get_manga_route: Completed in 1.692s
[2026-03-04 21:28:14,570] INFO get_manga_route: Completed in 2.608s
[2026-03-04 21:28:15,260] INFO get_manga_route: Completed in 1.438s
[2026-03-04 21:28:27,611] INFO get_manga_route: Completed in 1.796s
[2026-03-04 21:28:36,939] INFO get_manga_route: Completed in 1.568s
[2026-03-04 21:28:52,029] INFO get_manga_route: Completed in 1.562s
[2026-03-04 21:29:04,096] INFO get_manga_route: Completed in 1.623s
[2026-03-04 21:29:11,149] INFO get_manga_route: Completed in 2.102s
[2026-03-04 21:29:20,123] INFO get_manga_route: Completed in 1.557s
[2026-03-04 22:41:19,710] INFO get_profile_titles_route: Failed in 0.408s - MangaService.user_get_profile_manga() takes 2 positional arguments but 3 were given
[2026-03-04 22:41:31,922] INFO get_profile_titles_route: Failed in 0.387s - MangaService.user_get_profile_manga() takes 2 positional arguments but 3 were given
[2026-03-05 18:21:35,392] INFO get_manga_route: Failed in 0.021s - 
[2026-03-05 18:21:50,949] INFO get_manga_route: Failed in 0.018s - 
[2026-03-05 18:22:22,581] INFO get_manga_route: Failed in 0.020s - 
[2026-03-05 18:24:15,855] INFO get_manga_route: Failed in 0.062s - 
[2026-03-05 18:24:18,721] INFO get_manga_route: Failed in 0.037s - 
[2026-03-05 18:24:23,996] INFO get_manga_route: Completed in 0.140s
[2026-03-05 18:25:32,254] INFO get_manga_route: Completed in 0.085s
[2026-03-05 18:26:21,051] INFO get_manga_route: Failed in 0.000s - 'NoneType' object has no attribute 'id'
[2026-03-05 18:26:42,084] INFO get_manga_route: Failed in 0.000s - 'NoneType' object has no attribute 'id'
[2026-03-05 18:27:11,862] INFO get_manga_route: Failed in 0.000s - 'NoneType' object has no attribute 'id'
[2026-03-05 18:27:24,787] INFO get_manga_route: Failed in 0.000s - 'NoneType' object has no attribute 'id'
[2026-03-05 18:28:59,005] INFO get_manga_route: Completed in 0.239s
[2026-03-05 18:34:12,382] INFO get_manga_route: Completed in 0.304s
[2026-03-05 18:45:39,791] INFO get_manga_route: Completed in 0.107s
[2026-03-05 19:06:45,363] INFO get_manga_route: Completed in 0.273s
[2026-03-05 19:43:11,763] INFO get_manga_route: Completed in 0.177s
[2026-03-05 19:43:11,777] INFO get_manga_route: Completed in 0.186s
[2026-03-05 19:46:12,700] INFO get_manga_route: Completed in 0.136s
[2026-03-05 23:00:49,814] INFO get_manga_route: Completed in 0.255s
[2026-03-05 23:00:49,815] INFO get_manga_route: Completed in 0.262s
